ruway@Baurach-KGU5DP8 MINGW64 /e/Tekhne/CompSci/WebDev-CF009/A2MA-webdevpractice/RESTful_blog (master)
$ node app.js
Connection established at port 3000.

ruway@Baurach-KGU5DP8 MINGW64 /e/Tekhne/CompSci/WebDev-CF009/A2MA-webdevpractice/RESTful_blog (master)
$ node app.js
Connection established at port 3000.

ruway@Baurach-KGU5DP8 MINGW64 /e/Tekhne/CompSci/WebDev-CF009/A2MA-webdevpractice/RESTful_blog (master)
$ node app.js
Connection established at port 3000.

ruway@Baurach-KGU5DP8 MINGW64 /e/Tekhne/CompSci/WebDev-CF009/A2MA-webdevpractice/RESTful_blog (master)
$ node app.js
Connection established at port 3000.

ruway@Baurach-KGU5DP8 MINGW64 /e/Tekhne/CompSci/WebDev-CF009/A2MA-webdevpractice/RESTful_blog (master)
$ touch views/show.ejs

ruway@Baurach-KGU5DP8 MINGW64 /e/Tekhne/CompSci/WebDev-CF009/A2MA-webdevpractice/RESTful_blog (master)
$ brackets views/show.ejs

ruway@Baurach-KGU5DP8 MINGW64 /e/Tekhne/CompSci/WebDev-CF009/A2MA-webdevpractice/RESTful_blog (master)
$ node app.js
Connection established at port 3000.

ruway@Baurach-KGU5DP8 MINGW64 /e/Tekhne/CompSci/WebDev-CF009/A2MA-webdevpractice/RESTful_blog (master)
$ node app.js
Connection established at port 3000.

ruway@Baurach-KGU5DP8 MINGW64 /e/Tekhne/CompSci/WebDev-CF009/A2MA-webdevpractice/RESTful_blog (master)
$ node app.js
Connection established at port 3000.

ruway@Baurach-KGU5DP8 MINGW64 /e/Tekhne/CompSci/WebDev-CF009/A2MA-webdevpractice/RESTful_blog (master)
$ node app.js
Connection established at port 3000.

ruway@Baurach-KGU5DP8 MINGW64 /e/Tekhne/CompSci/WebDev-CF009/A2MA-webdevpractice/RESTful_blog (master)
$ node app.js
Connection established at port 3000.

ruway@Baurach-KGU5DP8 MINGW64 /e/Tekhne/CompSci/WebDev-CF009/A2MA-webdevpractice/RESTful_blog (master)
$ node app.js
Connection established at port 3000.

ruway@Baurach-KGU5DP8 MINGW64 /e/Tekhne/CompSci/WebDev-CF009/A2MA-webdevpractice/RESTful_blog (master)
$ touch views/show.ejs

ruway@Baurach-KGU5DP8 MINGW64 /e/Tekhne/CompSci/WebDev-CF009/A2MA-webdevpractice/RESTful_blog (master)
$ touch views/edit.ejs

ruway@Baurach-KGU5DP8 MINGW64 /e/Tekhne/CompSci/WebDev-CF009/A2MA-webdevpractice/RESTful_blog (master)
$ brackets views/edit.ejs

ruway@Baurach-KGU5DP8 MINGW64 /e/Tekhne/CompSci/WebDev-CF009/A2MA-webdevpractice/RESTful_blog (master)
$ node app.js
Connection established at port 3000.

ruway@Baurach-KGU5DP8 MINGW64 /e/Tekhne/CompSci/WebDev-CF009/A2MA-webdevpractice/RESTful_blog (master)
$ node app.js
Connection established at port 3000.

ruway@Baurach-KGU5DP8 MINGW64 /e/Tekhne/CompSci/WebDev-CF009/A2MA-webdevpractice/RESTful_blog (master)
$ node app.js
Connection established at port 3000.

ruway@Baurach-KGU5DP8 MINGW64 /e/Tekhne/CompSci/WebDev-CF009/A2MA-webdevpractice/RESTful_blog (master)
$ npm install method-override --save
restful_blog_app@1.0.0 E:\Tekhne\CompSci\WebDev-CF009\A2MA-webdevpractice\RESTful_blog
`-- method-override@2.3.10

npm WARN restful_blog_app@1.0.0 No repository field.

ruway@Baurach-KGU5DP8 MINGW64 /e/Tekhne/CompSci/WebDev-CF009/A2MA-webdevpractice/RESTful_blog (master)
$ node app.js
Connection established at port 3000.
IncomingMessage {
  _readableState:
   ReadableState {
     objectMode: false,
     highWaterMark: 16384,
     buffer: BufferList { head: null, tail: null, length: 0 },
     length: 0,
     pipes: null,
     pipesCount: 0,
     flowing: true,
     ended: true,
     endEmitted: true,
     reading: false,
     sync: false,
     needReadable: false,
     emittedReadable: false,
     readableListening: false,
     resumeScheduled: false,
     defaultEncoding: 'utf8',
     ranOut: false,
     awaitDrain: 0,
     readingMore: false,
     decoder: null,
     encoding: null },
  readable: false,
  domain: null,
  _events: {},
  _eventsCount: 0,
  _maxListeners: undefined,
  socket:
   Socket {
     connecting: false,
     _hadError: false,
     _handle:
      TCP {
        bytesRead: 1086,
        _externalStream: {},
        fd: -1,
        reading: true,
        owner: [Circular],
        onread: [Function: onread],
        onconnection: null,
        writeQueueSize: 0,
        _consumed: true },
     _parent: null,
     _host: null,
     _readableState:
      ReadableState {
        objectMode: false,
        highWaterMark: 16384,
        buffer: [Object],
        length: 0,
        pipes: null,
        pipesCount: 0,
        flowing: true,
        ended: false,
        endEmitted: false,
        reading: true,
        sync: false,
        needReadable: true,
        emittedReadable: false,
        readableListening: false,
        resumeScheduled: false,
        defaultEncoding: 'utf8',
        ranOut: false,
        awaitDrain: 0,
        readingMore: false,
        decoder: null,
        encoding: null },
     readable: true,
     domain: null,
     _events:
      { end: [Object],
        finish: [Function: onSocketFinish],
        _socketEnd: [Function: onSocketEnd],
        drain: [Object],
        timeout: [Function],
        error: [Function: socketOnError],
        close: [Object],
        data: [Function: socketOnData],
        resume: [Function: onSocketResume],
        pause: [Function: onSocketPause] },
     _eventsCount: 10,
     _maxListeners: undefined,
     _writableState:
      WritableState {
        objectMode: false,
        highWaterMark: 16384,
        needDrain: false,
        ending: false,
        ended: false,
        finished: false,
        decodeStrings: false,
        defaultEncoding: 'utf8',
        length: 0,
        writing: false,
        corked: 0,
        sync: true,
        bufferProcessing: false,
        onwrite: [Function],
        writecb: null,
        writelen: 0,
        bufferedRequest: null,
        lastBufferedRequest: null,
        pendingcb: 0,
        prefinished: false,
        errorEmitted: false,
        bufferedRequestCount: 0,
        corkedRequestsFree: [Object] },
     writable: true,
     allowHalfOpen: true,
     destroyed: false,
     _bytesDispatched: 0,
     _sockname: null,
     _pendingData: null,
     _pendingEncoding: '',
     server:
      Server {
        domain: null,
        _events: [Object],
        _eventsCount: 2,
        _maxListeners: undefined,
        _connections: 1,
        _handle: [Object],
        _usingSlaves: false,
        _slaves: [],
        _unref: false,
        allowHalfOpen: true,
        pauseOnConnect: false,
        httpAllowHalfOpen: false,
        timeout: 120000,
        _pendingResponseData: 0,
        _connectionKey: '6::::3000' },
     _server:
      Server {
        domain: null,
        _events: [Object],
        _eventsCount: 2,
        _maxListeners: undefined,
        _connections: 1,
        _handle: [Object],
        _usingSlaves: false,
        _slaves: [],
        _unref: false,
        allowHalfOpen: true,
        pauseOnConnect: false,
        httpAllowHalfOpen: false,
        timeout: 120000,
        _pendingResponseData: 0,
        _connectionKey: '6::::3000' },
     _idleTimeout: 120000,
     _idleNext:
      TimersList {
        _idleNext: [Circular],
        _idlePrev: [Circular],
        _timer: [Object],
        _unrefed: true,
        msecs: 120000,
        nextTick: false },
     _idlePrev:
      TimersList {
        _idleNext: [Circular],
        _idlePrev: [Circular],
        _timer: [Object],
        _unrefed: true,
        msecs: 120000,
        nextTick: false },
     _idleStart: 203410,
     parser:
      HTTPParser {
        '0': [Function: parserOnHeaders],
        '1': [Function: parserOnHeadersComplete],
        '2': [Function: parserOnBody],
        '3': [Function: parserOnMessageComplete],
        '4': [Function: onParserExecute],
        _headers: [],
        _url: '',
        _consumed: true,
        socket: [Circular],
        incoming: [Circular],
        outgoing: null,
        maxHeaderPairs: 2000,
        onIncoming: [Function: parserOnIncoming] },
     on: [Function: socketOnWrap],
     _paused: false,
     read: [Function],
     _consuming: true,
     _httpMessage:
      ServerResponse {
        domain: null,
        _events: [Object],
        _eventsCount: 1,
        _maxListeners: undefined,
        output: [],
        outputEncodings: [],
        outputCallbacks: [],
        outputSize: 0,
        writable: true,
        _last: false,
        upgrading: false,
        chunkedEncoding: false,
        shouldKeepAlive: true,
        useChunkedEncodingByDefault: true,
        sendDate: true,
        _removedHeader: {},
        _contentLength: null,
        _hasBody: true,
        _trailer: '',
        finished: false,
        _headerSent: false,
        socket: [Circular],
        connection: [Circular],
        _header: null,
        _headers: [Object],
        _headerNames: [Object],
        _onPendingData: [Function: updateOutgoingData],
        req: [Circular],
        locals: {} } },
  connection:
   Socket {
     connecting: false,
     _hadError: false,
     _handle:
      TCP {
        bytesRead: 1086,
        _externalStream: {},
        fd: -1,
        reading: true,
        owner: [Circular],
        onread: [Function: onread],
        onconnection: null,
        writeQueueSize: 0,
        _consumed: true },
     _parent: null,
     _host: null,
     _readableState:
      ReadableState {
        objectMode: false,
        highWaterMark: 16384,
        buffer: [Object],
        length: 0,
        pipes: null,
        pipesCount: 0,
        flowing: true,
        ended: false,
        endEmitted: false,
        reading: true,
        sync: false,
        needReadable: true,
        emittedReadable: false,
        readableListening: false,
        resumeScheduled: false,
        defaultEncoding: 'utf8',
        ranOut: false,
        awaitDrain: 0,
        readingMore: false,
        decoder: null,
        encoding: null },
     readable: true,
     domain: null,
     _events:
      { end: [Object],
        finish: [Function: onSocketFinish],
        _socketEnd: [Function: onSocketEnd],
        drain: [Object],
        timeout: [Function],
        error: [Function: socketOnError],
        close: [Object],
        data: [Function: socketOnData],
        resume: [Function: onSocketResume],
        pause: [Function: onSocketPause] },
     _eventsCount: 10,
     _maxListeners: undefined,
     _writableState:
      WritableState {
        objectMode: false,
        highWaterMark: 16384,
        needDrain: false,
        ending: false,
        ended: false,
        finished: false,
        decodeStrings: false,
        defaultEncoding: 'utf8',
        length: 0,
        writing: false,
        corked: 0,
        sync: true,
        bufferProcessing: false,
        onwrite: [Function],
        writecb: null,
        writelen: 0,
        bufferedRequest: null,
        lastBufferedRequest: null,
        pendingcb: 0,
        prefinished: false,
        errorEmitted: false,
        bufferedRequestCount: 0,
        corkedRequestsFree: [Object] },
     writable: true,
     allowHalfOpen: true,
     destroyed: false,
     _bytesDispatched: 0,
     _sockname: null,
     _pendingData: null,
     _pendingEncoding: '',
     server:
      Server {
        domain: null,
        _events: [Object],
        _eventsCount: 2,
        _maxListeners: undefined,
        _connections: 1,
        _handle: [Object],
        _usingSlaves: false,
        _slaves: [],
        _unref: false,
        allowHalfOpen: true,
        pauseOnConnect: false,
        httpAllowHalfOpen: false,
        timeout: 120000,
        _pendingResponseData: 0,
        _connectionKey: '6::::3000' },
     _server:
      Server {
        domain: null,
        _events: [Object],
        _eventsCount: 2,
        _maxListeners: undefined,
        _connections: 1,
        _handle: [Object],
        _usingSlaves: false,
        _slaves: [],
        _unref: false,
        allowHalfOpen: true,
        pauseOnConnect: false,
        httpAllowHalfOpen: false,
        timeout: 120000,
        _pendingResponseData: 0,
        _connectionKey: '6::::3000' },
     _idleTimeout: 120000,
     _idleNext:
      TimersList {
        _idleNext: [Circular],
        _idlePrev: [Circular],
        _timer: [Object],
        _unrefed: true,
        msecs: 120000,
        nextTick: false },
     _idlePrev:
      TimersList {
        _idleNext: [Circular],
        _idlePrev: [Circular],
        _timer: [Object],
        _unrefed: true,
        msecs: 120000,
        nextTick: false },
     _idleStart: 203410,
     parser:
      HTTPParser {
        '0': [Function: parserOnHeaders],
        '1': [Function: parserOnHeadersComplete],
        '2': [Function: parserOnBody],
        '3': [Function: parserOnMessageComplete],
        '4': [Function: onParserExecute],
        _headers: [],
        _url: '',
        _consumed: true,
        socket: [Circular],
        incoming: [Circular],
        outgoing: null,
        maxHeaderPairs: 2000,
        onIncoming: [Function: parserOnIncoming] },
     on: [Function: socketOnWrap],
     _paused: false,
     read: [Function],
     _consuming: true,
     _httpMessage:
      ServerResponse {
        domain: null,
        _events: [Object],
        _eventsCount: 1,
        _maxListeners: undefined,
        output: [],
        outputEncodings: [],
        outputCallbacks: [],
        outputSize: 0,
        writable: true,
        _last: false,
        upgrading: false,
        chunkedEncoding: false,
        shouldKeepAlive: true,
        useChunkedEncodingByDefault: true,
        sendDate: true,
        _removedHeader: {},
        _contentLength: null,
        _hasBody: true,
        _trailer: '',
        finished: false,
        _headerSent: false,
        socket: [Circular],
        connection: [Circular],
        _header: null,
        _headers: [Object],
        _headerNames: [Object],
        _onPendingData: [Function: updateOutgoingData],
        req: [Circular],
        locals: {} } },
  httpVersionMajor: 1,
  httpVersionMinor: 1,
  httpVersion: '1.1',
  complete: true,
  headers:
   { host: 'localhost:3000',
     'user-agent': 'Mozilla/5.0 (Windows NT 10.0; Win64; x64; rv:56.0) Gecko/201
00101 Firefox/56.0',
     accept: 'text/html,application/xhtml+xml,application/xml;q=0.9,*/*;q=0.8',
     'accept-language': 'en-US,en;q=0.5',
     'accept-encoding': 'gzip, deflate',
     'content-type': 'application/x-www-form-urlencoded',
     'content-length': '573',
     referer: 'http://localhost:3000/blogs/59e933876f8b2c274c334743/edit',
     dnt: '1',
     connection: 'keep-alive',
     'upgrade-insecure-requests': '1' },
  rawHeaders:
   [ 'Host',
     'localhost:3000',
     'User-Agent',
     'Mozilla/5.0 (Windows NT 10.0; Win64; x64; rv:56.0) Gecko/20100101 Firefox/
56.0',
     'Accept',
     'text/html,application/xhtml+xml,application/xml;q=0.9,*/*;q=0.8',
     'Accept-Language',
     'en-US,en;q=0.5',
     'Accept-Encoding',
     'gzip, deflate',
     'Content-Type',
     'application/x-www-form-urlencoded',
     'Content-Length',
     '573',
     'Referer',
     'http://localhost:3000/blogs/59e933876f8b2c274c334743/edit',
     'DNT',
     '1',
     'Connection',
     'keep-alive',
     'Upgrade-Insecure-Requests',
     '1' ],
  trailers: {},
  rawTrailers: [],
  upgrade: false,
  url: '/blogs/59e933876f8b2c274c334743?_method=PUT',
  method: 'PUT',
  statusCode: null,
  statusMessage: null,
  client:
   Socket {
     connecting: false,
     _hadError: false,
     _handle:
      TCP {
        bytesRead: 1086,
        _externalStream: {},
        fd: -1,
        reading: true,
        owner: [Circular],
        onread: [Function: onread],
        onconnection: null,
        writeQueueSize: 0,
        _consumed: true },
     _parent: null,
     _host: null,
     _readableState:
      ReadableState {
        objectMode: false,
        highWaterMark: 16384,
        buffer: [Object],
        length: 0,
        pipes: null,
        pipesCount: 0,
        flowing: true,
        ended: false,
        endEmitted: false,
        reading: true,
        sync: false,
        needReadable: true,
        emittedReadable: false,
        readableListening: false,
        resumeScheduled: false,
        defaultEncoding: 'utf8',
        ranOut: false,
        awaitDrain: 0,
        readingMore: false,
        decoder: null,
        encoding: null },
     readable: true,
     domain: null,
     _events:
      { end: [Object],
        finish: [Function: onSocketFinish],
        _socketEnd: [Function: onSocketEnd],
        drain: [Object],
        timeout: [Function],
        error: [Function: socketOnError],
        close: [Object],
        data: [Function: socketOnData],
        resume: [Function: onSocketResume],
        pause: [Function: onSocketPause] },
     _eventsCount: 10,
     _maxListeners: undefined,
     _writableState:
      WritableState {
        objectMode: false,
        highWaterMark: 16384,
        needDrain: false,
        ending: false,
        ended: false,
        finished: false,
        decodeStrings: false,
        defaultEncoding: 'utf8',
        length: 0,
        writing: false,
        corked: 0,
        sync: true,
        bufferProcessing: false,
        onwrite: [Function],
        writecb: null,
        writelen: 0,
        bufferedRequest: null,
        lastBufferedRequest: null,
        pendingcb: 0,
        prefinished: false,
        errorEmitted: false,
        bufferedRequestCount: 0,
        corkedRequestsFree: [Object] },
     writable: true,
     allowHalfOpen: true,
     destroyed: false,
     _bytesDispatched: 0,
     _sockname: null,
     _pendingData: null,
     _pendingEncoding: '',
     server:
      Server {
        domain: null,
        _events: [Object],
        _eventsCount: 2,
        _maxListeners: undefined,
        _connections: 1,
        _handle: [Object],
        _usingSlaves: false,
        _slaves: [],
        _unref: false,
        allowHalfOpen: true,
        pauseOnConnect: false,
        httpAllowHalfOpen: false,
        timeout: 120000,
        _pendingResponseData: 0,
        _connectionKey: '6::::3000' },
     _server:
      Server {
        domain: null,
        _events: [Object],
        _eventsCount: 2,
        _maxListeners: undefined,
        _connections: 1,
        _handle: [Object],
        _usingSlaves: false,
        _slaves: [],
        _unref: false,
        allowHalfOpen: true,
        pauseOnConnect: false,
        httpAllowHalfOpen: false,
        timeout: 120000,
        _pendingResponseData: 0,
        _connectionKey: '6::::3000' },
     _idleTimeout: 120000,
     _idleNext:
      TimersList {
        _idleNext: [Circular],
        _idlePrev: [Circular],
        _timer: [Object],
        _unrefed: true,
        msecs: 120000,
        nextTick: false },
     _idlePrev:
      TimersList {
        _idleNext: [Circular],
        _idlePrev: [Circular],
        _timer: [Object],
        _unrefed: true,
        msecs: 120000,
        nextTick: false },
     _idleStart: 203410,
     parser:
      HTTPParser {
        '0': [Function: parserOnHeaders],
        '1': [Function: parserOnHeadersComplete],
        '2': [Function: parserOnBody],
        '3': [Function: parserOnMessageComplete],
        '4': [Function: onParserExecute],
        _headers: [],
        _url: '',
        _consumed: true,
        socket: [Circular],
        incoming: [Circular],
        outgoing: null,
        maxHeaderPairs: 2000,
        onIncoming: [Function: parserOnIncoming] },
     on: [Function: socketOnWrap],
     _paused: false,
     read: [Function],
     _consuming: true,
     _httpMessage:
      ServerResponse {
        domain: null,
        _events: [Object],
        _eventsCount: 1,
        _maxListeners: undefined,
        output: [],
        outputEncodings: [],
        outputCallbacks: [],
        outputSize: 0,
        writable: true,
        _last: false,
        upgrading: false,
        chunkedEncoding: false,
        shouldKeepAlive: true,
        useChunkedEncodingByDefault: true,
        sendDate: true,
        _removedHeader: {},
        _contentLength: null,
        _hasBody: true,
        _trailer: '',
        finished: false,
        _headerSent: false,
        socket: [Circular],
        connection: [Circular],
        _header: null,
        _headers: [Object],
        _headerNames: [Object],
        _onPendingData: [Function: updateOutgoingData],
        req: [Circular],
        locals: {} } },
  _consuming: true,
  _dumped: false,
  next: [Function: next],
  baseUrl: '',
  originalUrl: '/blogs/59e933876f8b2c274c334743?_method=PUT',
  _parsedUrl:
   Url {
     protocol: null,
     slashes: null,
     auth: null,
     host: null,
     port: null,
     hostname: null,
     hash: null,
     search: '?_method=PUT',
     query: '_method=PUT',
     pathname: '/blogs/59e933876f8b2c274c334743',
     path: '/blogs/59e933876f8b2c274c334743?_method=PUT',
     href: '/blogs/59e933876f8b2c274c334743?_method=PUT',
     _raw: '/blogs/59e933876f8b2c274c334743?_method=PUT' },
  params: { id: '59e933876f8b2c274c334743' },
  query: { _method: 'PUT' },
  res:
   ServerResponse {
     domain: null,
     _events: { finish: [Function: resOnFinish] },
     _eventsCount: 1,
     _maxListeners: undefined,
     output: [],
     outputEncodings: [],
     outputCallbacks: [],
     outputSize: 0,
     writable: true,
     _last: false,
     upgrading: false,
     chunkedEncoding: false,
     shouldKeepAlive: true,
     useChunkedEncodingByDefault: true,
     sendDate: true,
     _removedHeader: {},
     _contentLength: null,
     _hasBody: true,
     _trailer: '',
     finished: false,
     _headerSent: false,
     socket:
      Socket {
        connecting: false,
        _hadError: false,
        _handle: [Object],
        _parent: null,
        _host: null,
        _readableState: [Object],
        readable: true,
        domain: null,
        _events: [Object],
        _eventsCount: 10,
        _maxListeners: undefined,
        _writableState: [Object],
        writable: true,
        allowHalfOpen: true,
        destroyed: false,
        _bytesDispatched: 0,
        _sockname: null,
        _pendingData: null,
        _pendingEncoding: '',
        server: [Object],
        _server: [Object],
        _idleTimeout: 120000,
        _idleNext: [Object],
        _idlePrev: [Object],
        _idleStart: 203410,
        parser: [Object],
        on: [Function: socketOnWrap],
        _paused: false,
        read: [Function],
        _consuming: true,
        _httpMessage: [Circular] },
     connection:
      Socket {
        connecting: false,
        _hadError: false,
        _handle: [Object],
        _parent: null,
        _host: null,
        _readableState: [Object],
        readable: true,
        domain: null,
        _events: [Object],
        _eventsCount: 10,
        _maxListeners: undefined,
        _writableState: [Object],
        writable: true,
        allowHalfOpen: true,
        destroyed: false,
        _bytesDispatched: 0,
        _sockname: null,
        _pendingData: null,
        _pendingEncoding: '',
        server: [Object],
        _server: [Object],
        _idleTimeout: 120000,
        _idleNext: [Object],
        _idlePrev: [Object],
        _idleStart: 203410,
        parser: [Object],
        on: [Function: socketOnWrap],
        _paused: false,
        read: [Function],
        _consuming: true,
        _httpMessage: [Circular] },
     _header: null,
     _headers: { 'x-powered-by': 'Express' },
     _headerNames: { 'x-powered-by': 'X-Powered-By' },
     _onPendingData: [Function: updateOutgoingData],
     req: [Circular],
     locals: {} },
  body:
   { blog:
      { title: 'To Blog, or not to Blog?',
        image: 'https://images.unsplash.com/photo-1507237081139-5dfb209dba79?w=1
460',
        body: '<p><strong>J. R. R. Tolkien:</strong></p>\r\n<p>"The road goes ev
er on and on / down from the door where it began. / Now far ahead the road has g
one, / And I must follow if I can..."</p>\r\n<p>All that is gold does not glitte
r / Not all those who wander are lost / The tree that is old does not wither / D
eep roots are reached not by the frost..."</p>' } },
  _body: true,
  length: undefined,
  read: [Function],
  originalMethod: 'POST',
  route:
   Route {
     path: '/blogs/:id',
     stack: [ [Object] ],
     methods: { put: true } } }

ruway@Baurach-KGU5DP8 MINGW64 /e/Tekhne/CompSci/WebDev-CF009/A2MA-webdevpractice/RESTful_blog (master)
$ ^C

ruway@Baurach-KGU5DP8 MINGW64 /e/Tekhne/CompSci/WebDev-CF009/A2MA-webdevpractice/RESTful_blog (master)
